Archive member included to satisfy reference by file (symbol)

C:/ST/STM32CubeIDE_1.16.1/STM32CubeIDE/plugins/com.st.stm32cube.ide.mcu.externaltools.gnu-tools-for-stm32.12.3.rel1.win32_1.0.200.202406191623/tools/bin/../lib/gcc/arm-none-eabi/12.3.1/../../../../arm-none-eabi/lib/thumb/v7-m/nofp\libc_nano.a(libc_a-calloc.o)
                              ./Core/USER/library/asn1parse.o (calloc)
C:/ST/STM32CubeIDE_1.16.1/STM32CubeIDE/plugins/com.st.stm32cube.ide.mcu.externaltools.gnu-tools-for-stm32.12.3.rel1.win32_1.0.200.202406191623/tools/bin/../lib/gcc/arm-none-eabi/12.3.1/../../../../arm-none-eabi/lib/thumb/v7-m/nofp\libc_nano.a(libc_a-callocr.o)
                              C:/ST/STM32CubeIDE_1.16.1/STM32CubeIDE/plugins/com.st.stm32cube.ide.mcu.externaltools.gnu-tools-for-stm32.12.3.rel1.win32_1.0.200.202406191623/tools/bin/../lib/gcc/arm-none-eabi/12.3.1/../../../../arm-none-eabi/lib/thumb/v7-m/nofp\libc_nano.a(libc_a-calloc.o) (_calloc_r)
C:/ST/STM32CubeIDE_1.16.1/STM32CubeIDE/plugins/com.st.stm32cube.ide.mcu.externaltools.gnu-tools-for-stm32.12.3.rel1.win32_1.0.200.202406191623/tools/bin/../lib/gcc/arm-none-eabi/12.3.1/../../../../arm-none-eabi/lib/thumb/v7-m/nofp\libc_nano.a(libc_a-exit.o)
                              C:/ST/STM32CubeIDE_1.16.1/STM32CubeIDE/plugins/com.st.stm32cube.ide.mcu.externaltools.gnu-tools-for-stm32.12.3.rel1.win32_1.0.200.202406191623/tools/bin/../lib/gcc/arm-none-eabi/12.3.1/../../../../arm-none-eabi/lib/thumb/v7-m/nofp/crt0.o (exit)
C:/ST/STM32CubeIDE_1.16.1/STM32CubeIDE/plugins/com.st.stm32cube.ide.mcu.externaltools.gnu-tools-for-stm32.12.3.rel1.win32_1.0.200.202406191623/tools/bin/../lib/gcc/arm-none-eabi/12.3.1/../../../../arm-none-eabi/lib/thumb/v7-m/nofp\libc_nano.a(libc_a-malloc.o)
                              ./Core/USER/library/asn1parse.o (free)
C:/ST/STM32CubeIDE_1.16.1/STM32CubeIDE/plugins/com.st.stm32cube.ide.mcu.externaltools.gnu-tools-for-stm32.12.3.rel1.win32_1.0.200.202406191623/tools/bin/../lib/gcc/arm-none-eabi/12.3.1/../../../../arm-none-eabi/lib/thumb/v7-m/nofp\libc_nano.a(libc_a-mallocr.o)
                              C:/ST/STM32CubeIDE_1.16.1/STM32CubeIDE/plugins/com.st.stm32cube.ide.mcu.externaltools.gnu-tools-for-stm32.12.3.rel1.win32_1.0.200.202406191623/tools/bin/../lib/gcc/arm-none-eabi/12.3.1/../../../../arm-none-eabi/lib/thumb/v7-m/nofp\libc_nano.a(libc_a-callocr.o) (_malloc_r)
C:/ST/STM32CubeIDE_1.16.1/STM32CubeIDE/plugins/com.st.stm32cube.ide.mcu.externaltools.gnu-tools-for-stm32.12.3.rel1.win32_1.0.200.202406191623/tools/bin/../lib/gcc/arm-none-eabi/12.3.1/../../../../arm-none-eabi/lib/thumb/v7-m/nofp\libc_nano.a(libc_a-mlock.o)
                              C:/ST/STM32CubeIDE_1.16.1/STM32CubeIDE/plugins/com.st.stm32cube.ide.mcu.externaltools.gnu-tools-for-stm32.12.3.rel1.win32_1.0.200.202406191623/tools/bin/../lib/gcc/arm-none-eabi/12.3.1/../../../../arm-none-eabi/lib/thumb/v7-m/nofp\libc_nano.a(libc_a-mallocr.o) (__malloc_lock)
C:/ST/STM32CubeIDE_1.16.1/STM32CubeIDE/plugins/com.st.stm32cube.ide.mcu.externaltools.gnu-tools-for-stm32.12.3.rel1.win32_1.0.200.202406191623/tools/bin/../lib/gcc/arm-none-eabi/12.3.1/../../../../arm-none-eabi/lib/thumb/v7-m/nofp\libc_nano.a(libc_a-fclose.o)
                              ./Core/USER/library/ctr_drbg.o (fclose)
C:/ST/STM32CubeIDE_1.16.1/STM32CubeIDE/plugins/com.st.stm32cube.ide.mcu.externaltools.gnu-tools-for-stm32.12.3.rel1.win32_1.0.200.202406191623/tools/bin/../lib/gcc/arm-none-eabi/12.3.1/../../../../arm-none-eabi/lib/thumb/v7-m/nofp\libc_nano.a(libc_a-ferror.o)
                              ./Core/USER/library/ctr_drbg.o (ferror)
C:/ST/STM32CubeIDE_1.16.1/STM32CubeIDE/plugins/com.st.stm32cube.ide.mcu.externaltools.gnu-tools-for-stm32.12.3.rel1.win32_1.0.200.202406191623/tools/bin/../lib/gcc/arm-none-eabi/12.3.1/../../../../arm-none-eabi/lib/thumb/v7-m/nofp\libc_nano.a(libc_a-fflush.o)
                              C:/ST/STM32CubeIDE_1.16.1/STM32CubeIDE/plugins/com.st.stm32cube.ide.mcu.externaltools.gnu-tools-for-stm32.12.3.rel1.win32_1.0.200.202406191623/tools/bin/../lib/gcc/arm-none-eabi/12.3.1/../../../../arm-none-eabi/lib/thumb/v7-m/nofp\libc_nano.a(libc_a-fclose.o) (__sflush_r)
C:/ST/STM32CubeIDE_1.16.1/STM32CubeIDE/plugins/com.st.stm32cube.ide.mcu.externaltools.gnu-tools-for-stm32.12.3.rel1.win32_1.0.200.202406191623/tools/bin/../lib/gcc/arm-none-eabi/12.3.1/../../../../arm-none-eabi/lib/thumb/v7-m/nofp\libc_nano.a(libc_a-findfp.o)
                              C:/ST/STM32CubeIDE_1.16.1/STM32CubeIDE/plugins/com.st.stm32cube.ide.mcu.externaltools.gnu-tools-for-stm32.12.3.rel1.win32_1.0.200.202406191623/tools/bin/../lib/gcc/arm-none-eabi/12.3.1/../../../../arm-none-eabi/lib/thumb/v7-m/nofp\libc_nano.a(libc_a-fflush.o) (__sglue)
C:/ST/STM32CubeIDE_1.16.1/STM32CubeIDE/plugins/com.st.stm32cube.ide.mcu.externaltools.gnu-tools-for-stm32.12.3.rel1.win32_1.0.200.202406191623/tools/bin/../lib/gcc/arm-none-eabi/12.3.1/../../../../arm-none-eabi/lib/thumb/v7-m/nofp\libc_nano.a(libc_a-fopen.o)
[...]
Memory Configuration

Name             Origin             Length             Attributes
RAM              0x20000000         0x00005000         xrw
FLASH            0x08000000         0x00010000         xr
*default*        0x00000000         0xffffffff

Linker script and memory map

LOAD C:/ST/STM32CubeIDE_1.16.1/STM32CubeIDE/plugins/com.st.stm32cube.ide.mcu.externaltools.gnu-tools-for-stm32.12.3.rel1.win32_1.0.200.202406191623/tools/bin/../lib/gcc/arm-none-eabi/12.3.1/thumb/v7-m/nofp/crti.o
LOAD C:/ST/STM32CubeIDE_1.16.1/STM32CubeIDE/plugins/com.st.stm32cube.ide.mcu.externaltools.gnu-tools-for-stm32.12.3.rel1.win32_1.0.200.202406191623/tools/bin/../lib/gcc/arm-none-eabi/12.3.1/thumb/v7-m/nofp/crtbegin.o
LOAD C:/ST/STM32CubeIDE_1.16.1/STM32CubeIDE/plugins/com.st.stm32cube.ide.mcu.externaltools.gnu-tools-for-stm32.12.3.rel1.win32_1.0.200.202406191623/tools/bin/../lib/gcc/arm-none-eabi/12.3.1/../../../../arm-none-eabi/lib/thumb/v7-m/nofp/crt0.o
LOAD ./Core/Src/main.o
LOAD ./Core/Src/nut_communication.o
LOAD ./Core/Src/stm32f1xx_hal_msp.o
LOAD ./Core/Src/stm32f1xx_it.o
LOAD ./Core/Src/syscalls.o
LOAD ./Core/Src/sysmem.o
LOAD ./Core/Src/system_stm32f1xx.o
LOAD ./Core/Startup/startup_stm32f103c8tx.o
LOAD ./Core/USER/library/aes.o
LOAD ./Core/USER/library/aesni.o
LOAD ./Core/USER/library/aria.o
LOAD ./Core/USER/library/asn1parse.o
LOAD ./Core/USER/library/asn1write.o
LOAD ./Core/USER/library/base64.o
LOAD ./Core/USER/library/camellia.o
LOAD ./Core/USER/library/ccm.o
LOAD ./Core/USER/library/chacha20.o
LOAD ./Core/USER/library/chachapoly.o
LOAD ./Core/USER/library/cipher.o
LOAD ./Core/USER/library/cipher_wrap.o
LOAD ./Core/USER/library/cmac.o
LOAD ./Core/USER/library/ctr_drbg.o
LOAD ./Core/USER/library/debug.o
LOAD ./Core/USER/library/des.o
LOAD ./Core/USER/library/dhm.o
LOAD ./Core/USER/library/ecdh.o
LOAD ./Core/USER/library/ecdsa.o
LOAD ./Core/USER/library/ecjpake.o
LOAD ./Core/USER/library/ecp.o
LOAD ./Core/USER/library/ecp_curves.o
LOAD ./Core/USER/library/gcm.o
LOAD ./Core/USER/library/hkdf.o
LOAD ./Core/USER/library/hmac_drbg.o
LOAD ./Core/USER/library/md.o
LOAD ./Core/USER/library/md5.o
LOAD ./Core/USER/library/memory_buffer_alloc.o
LOAD ./Core/USER/library/mps_reader.o
LOAD ./Core/USER/library/mps_trace.o
LOAD ./Core/USER/library/nist_kw.o
LOAD ./Core/USER/library/oid.o
LOAD ./Core/USER/library/padlock.o
LOAD ./Core/USER/library/pem.o
LOAD ./Core/USER/library/pk.o
LOAD ./Core/USER/library/pk_wrap.o
LOAD ./Core/USER/library/pkparse.o
LOAD ./Core/USER/library/pkwrite.o
LOAD ./Core/USER/library/platform.o
LOAD ./Core/USER/library/platform_util.o
LOAD ./Core/USER/library/ripemd160.o
LOAD ./Core/USER/library/sha1.o
LOAD ./Core/USER/library/sha256.o
LOAD ./Core/USER/library/sha512.o
LOAD ./Core/USER/user.o
LOAD ./Drivers/STM32F1xx_HAL_Driver/Src/stm32f1xx_hal.o
LOAD ./Drivers/STM32F1xx_HAL_Driver/Src/stm32f1xx_hal_can.o
LOAD ./Drivers/STM32F1xx_HAL_Driver/Src/stm32f1xx_hal_cortex.o
LOAD ./Drivers/STM32F1xx_HAL_Driver/Src/stm32f1xx_hal_dma.o
LOAD ./Drivers/STM32F1xx_HAL_Driver/Src/stm32f1xx_hal_exti.o
LOAD ./Drivers/STM32F1xx_HAL_Driver/Src/stm32f1xx_hal_flash.o
LOAD ./Drivers/STM32F1xx_HAL_Driver/Src/stm32f1xx_hal_flash_ex.o
LOAD ./Drivers/STM32F1xx_HAL_Driver/Src/stm32f1xx_hal_gpio.o
LOAD ./Drivers/STM32F1xx_HAL_Driver/Src/stm32f1xx_hal_gpio_ex.o
LOAD ./Drivers/STM32F1xx_HAL_Driver/Src/stm32f1xx_hal_i2c.o
LOAD ./Drivers/STM32F1xx_HAL_Driver/Src/stm32f1xx_hal_pwr.o
LOAD ./Drivers/STM32F1xx_HAL_Driver/Src/stm32f1xx_hal_rcc.o
LOAD ./Drivers/STM32F1xx_HAL_Driver/Src/stm32f1xx_hal_rcc_ex.o
LOAD ./Drivers/STM32F1xx_HAL_Driver/Src/stm32f1xx_hal_spi.o
LOAD ./Drivers/STM32F1xx_HAL_Driver/Src/stm32f1xx_hal_tim.o
LOAD ./Drivers/STM32F1xx_HAL_Driver/Src/stm32f1xx_hal_tim_ex.o
LOAD ./Drivers/STM32F1xx_HAL_Driver/Src/stm32f1xx_hal_uart.o
START GROUP
LOAD C:/ST/STM32CubeIDE_1.16.1/STM32CubeIDE/plugins/com.st.stm32cube.ide.mcu.externaltools.gnu-tools-for-stm32.12.3.rel1.win32_1.0.200.202406191623/tools/bin/../lib/gcc/arm-none-eabi/12.3.1/../../../../arm-none-eabi/lib/thumb/v7-m/nofp\libc_nano.a
LOAD C:/ST/STM32CubeIDE_1.16.1/STM32CubeIDE/plugins/com.st.stm32cube.ide.mcu.externaltools.gnu-tools-for-stm32.12.3.rel1.win32_1.0.200.202406191623/tools/bin/../lib/gcc/arm-none-eabi/12.3.1/../../../../arm-none-eabi/lib/thumb/v7-m/nofp\libm.a
END GROUP
START GROUP
LOAD C:/ST/STM32CubeIDE_1.16.1/STM32CubeIDE/plugins/com.st.stm32cube.ide.mcu.externaltools.gnu-tools-for-stm32.12.3.rel1.win32_1.0.200.202406191623/tools/bin/../lib/gcc/arm-none-eabi/12.3.1/thumb/v7-m/nofp\libgcc.a
LOAD C:/ST/STM32CubeIDE_1.16.1/STM32CubeIDE/plugins/com.st.stm32cube.ide.mcu.externaltools.gnu-tools-for-stm32.12.3.rel1.win32_1.0.200.202406191623/tools/bin/../lib/gcc/arm-none-eabi/12.3.1/../../../../arm-none-eabi/lib/thumb/v7-m/nofp\libc_nano.a
END GROUP
START GROUP
LOAD C:/ST/STM32CubeIDE_1.16.1/STM32CubeIDE/plugins/com.st.stm32cube.ide.mcu.externaltools.gnu-tools-for-stm32.12.3.rel1.win32_1.0.200.202406191623/tools/bin/../lib/gcc/arm-none-eabi/12.3.1/thumb/v7-m/nofp\libgcc.a
LOAD C:/ST/STM32CubeIDE_1.16.1/STM32CubeIDE/plugins/com.st.stm32cube.ide.mcu.externaltools.gnu-tools-for-stm32.12.3.rel1.win32_1.0.200.202406191623/tools/bin/../lib/gcc/arm-none-eabi/12.3.1/../../../../arm-none-eabi/lib/thumb/v7-m/nofp\libc_nano.a
LOAD C:/ST/STM32CubeIDE_1.16.1/STM32CubeIDE/plugins/com.st.stm32cube.ide.mcu.externaltools.gnu-tools-for-stm32.12.3.rel1.win32_1.0.200.202406191623/tools/bin/../lib/gcc/arm-none-eabi/12.3.1/../../../../arm-none-eabi/lib/thumb/v7-m/nofp\libnosys.a
END GROUP
START GROUP
LOAD C:/ST/STM32CubeIDE_1.16.1/STM32CubeIDE/plugins/com.st.stm32cube.ide.mcu.externaltools.gnu-tools-for-stm32.12.3.rel1.win32_1.0.200.202406191623/tools/bin/../lib/gcc/arm-none-eabi/12.3.1/thumb/v7-m/nofp\libgcc.a
LOAD C:/ST/STM32CubeIDE_1.16.1/STM32CubeIDE/plugins/com.st.stm32cube.ide.mcu.externaltools.gnu-tools-for-stm32.12.3.rel1.win32_1.0.200.202406191623/tools/bin/../lib/gcc/arm-none-eabi/12.3.1/../../../../arm-none-eabi/lib/thumb/v7-m/nofp\libc_nano.a
LOAD C:/ST/STM32CubeIDE_1.16.1/STM32CubeIDE/plugins/com.st.stm32cube.ide.mcu.externaltools.gnu-tools-for-stm32.12.3.rel1.win32_1.0.200.202406191623/tools/bin/../lib/gcc/arm-none-eabi/12.3.1/../../../../arm-none-eabi/lib/thumb/v7-m/nofp\libnosys.a
END GROUP
LOAD C:/ST/STM32CubeIDE_1.16.1/STM32CubeIDE/plugins/com.st.stm32cube.ide.mcu.externaltools.gnu-tools-for-stm32.12.3.rel1.win32_1.0.200.202406191623/tools/bin/../lib/gcc/arm-none-eabi/12.3.1/thumb/v7-m/nofp/crtend.o
LOAD C:/ST/STM32CubeIDE_1.16.1/STM32CubeIDE/plugins/com.st.stm32cube.ide.mcu.externaltools.gnu-tools-for-stm32.12.3.rel1.win32_1.0.200.202406191623/tools/bin/../lib/gcc/arm-none-eabi/12.3.1/thumb/v7-m/nofp/crtn.o
                0x20005000                        _estack = (ORIGIN (RAM) + LENGTH (RAM))
                0x00000200                        _Min_Heap_Size = 0x200
                0x00000400                        _Min_Stack_Size = 0x400

.isr_vector     0x08000000      0x10c
                0x08000000                        . = ALIGN (0x4)
 *(.isr_vector)
 .isr_vector    0x08000000      0x10c ./Core/Startup/startup_stm32f103c8tx.o
                0x08000000                g_pfnVectors
                0x0800010c                        . = ALIGN (0x4)

.text           0x0800010c     0x5aa4
                0x0800010c                        . = ALIGN (0x4)
 *(.text)
 .text          0x0800010c       0x40 C:/ST/STM32CubeIDE_1.16.1/STM32CubeIDE/plugins/com.st.stm32cube.ide.mcu.externaltools.gnu-tools-for-stm32.12.3.rel1.win32_1.0.200.202406191623/tools/bin/../lib/gcc/arm-none-eabi/12.3.1/thumb/v7-m/nofp/crtbegin.o
 *(.text*)
 .text.main     0x0800014c       0x2e ./Core/Src/main.o
                0x0800014c                main
 .text.SystemClock_Config
                0x0800017a       0x82 ./Core/Src/main.o
                0x0800017a                SystemClock_Config
 .text.MX_CAN_Init
                0x080001fc       0x6c ./Core/Src/main.o
 .text.MX_I2C1_Init
                0x08000268       0x5c ./Core/Src/main.o
 .text.MX_SPI1_Init
                0x080002c4       0x64 ./Core/Src/main.o
 .text.MX_USART1_UART_Init
                0x08000328       0x54 ./Core/Src/main.o
 .text.MX_USART2_UART_Init
                0x0800037c       0x54 ./Core/Src/main.o
 .text.MX_GPIO_Init
                0x080003d0       0xcc ./Core/Src/main.o
 .text.Error_Handler
                0x0800049c        0xc ./Core/Src/main.o
                0x0800049c                Error_Handler
 .text._NutComm_DecodeHeader
                0x080004a8       0xf4 ./Core/Src/nut_communication.o
                0x080004a8                _NutComm_DecodeHeader
 .text._NutComm_UART_Quit
                0x0800059c       0x14 ./Core/Src/nut_communication.o
                0x0800059c                _NutComm_UART_Quit
 .text._NutComm_SPI_Quit
                0x080005b0       0x3c ./Core/Src/nut_communication.o
                0x080005b0                _NutComm_SPI_Quit
 .text._NutComm_Init
                0x080005ec       0x18 ./Core/Src/nut_communication.o
                0x080005ec                _NutComm_Init
 .text.Nut_loop
                0x08000604      0x6fc ./Core/Src/nut_communication.o
                0x08000604                Nut_loop
 .text.Nut_Init
                0x08000d00       0x22 ./Core/Src/nut_communication.o
                0x08000d00                Nut_Init
 *fill*         0x08000d22        0x2 
 .text.Nut_Quiet
                0x08000d24       0x1c ./Core/Src/nut_communication.o
                0x08000d24                Nut_Quiet
 .text.Nut_unQuiet
                0x08000d40       0x1c ./Core/Src/nut_communication.o
                0x08000d40                Nut_unQuiet
 .text.Nut_LED  0x08000d5c       0x30 ./Core/Src/nut_communication.o
                0x08000d5c                Nut_LED
 .text.Nut_IO_1
                0x08000d8c       0x2c ./Core/Src/nut_communication.o
                0x08000d8c                Nut_IO_1
 .text.Nut_IO_USER
                0x08000db8       0x2c ./Core/Src/nut_communication.o
                0x08000db8                Nut_IO_USER
 .text._NutComm_UART_Disable
                0x08000de4       0x1c ./Core/Src/nut_communication.o
                0x08000de4                _NutComm_UART_Disable
 .text._NutComm_SPI_Disable
                0x08000e00       0x1c ./Core/Src/nut_communication.o
                0x08000e00                _NutComm_SPI_Disable
 .text._NutComm_I2C_Disable
                0x08000e1c       0x1c ./Core/Src/nut_communication.o
                0x08000e1c                _NutComm_I2C_Disable
 .text._NutComm_CAN_Disable
                0x08000e38       0x1c ./Core/Src/nut_communication.o
                0x08000e38                _NutComm_CAN_Disable
 .text._NutComm_UART_Enable
                0x08000e54       0x2c ./Core/Src/nut_communication.o
                0x08000e54                _NutComm_UART_Enable
 .text._NutComm_SPI_Enable
                0x08000e80       0x2c ./Core/Src/nut_communication.o
                0x08000e80                _NutComm_SPI_Enable
 .text._NutComm_I2C_Enable
                0x08000eac       0x2c ./Core/Src/nut_communication.o
                0x08000eac                _NutComm_I2C_Enable
 .text._NutComm_CAN_Enable
                0x08000ed8       0x2c ./Core/Src/nut_communication.o
                0x08000ed8                _NutComm_CAN_Enable
 .text.HAL_MspInit
                0x08000f04       0x64 ./Core/Src/stm32f1xx_hal_msp.o
                0x08000f04                HAL_MspInit
 .text.HAL_CAN_MspInit
                0x08000f68       0x98 ./Core/Src/stm32f1xx_hal_msp.o
                0x08000f68                HAL_CAN_MspInit
 .text.HAL_I2C_MspInit
                0x08001000       0x7c ./Core/Src/stm32f1xx_hal_msp.o
                0x08001000                HAL_I2C_MspInit
 .text.HAL_SPI_MspInit
                0x0800107c       0x94 ./Core/Src/stm32f1xx_hal_msp.o
                0x0800107c                HAL_SPI_MspInit
 .text.HAL_UART_MspInit
                0x08001110      0x108 ./Core/Src/stm32f1xx_hal_msp.o
                0x08001110                HAL_UART_MspInit
 .text.NMI_Handler
                0x08001218        0x8 ./Core/Src/stm32f1xx_it.o
                0x08001218                NMI_Handler
 .text.HardFault_Handler
                0x08001220        0x8 ./Core/Src/stm32f1xx_it.o
                0x08001220                HardFault_Handler
 .text.MemManage_Handler
                0x08001228        0x8 ./Core/Src/stm32f1xx_it.o
                0x08001228                MemManage_Handler
 .text.BusFault_Handler
                0x08001230        0x8 ./Core/Src/stm32f1xx_it.o
                0x08001230                BusFault_Handler
 .text.UsageFault_Handler
                0x08001238        0x8 ./Core/Src/stm32f1xx_it.o
                0x08001238                UsageFault_Handler
 .text.SVC_Handler
                0x08001240        0xc ./Core/Src/stm32f1xx_it.o
                0x08001240                SVC_Handler
 .text.DebugMon_Handler
                0x0800124c        0xc ./Core/Src/stm32f1xx_it.o
                0x0800124c                DebugMon_Handler
 .text.PendSV_Handler
                0x08001258        0xc ./Core/Src/stm32f1xx_it.o
                0x08001258                PendSV_Handler
 .text.SysTick_Handler
                0x08001264        0xc ./Core/Src/stm32f1xx_it.o
                0x08001264                SysTick_Handler
 .text.SystemInit
                0x08001270        0xc ./Core/Src/system_stm32f1xx.o
                0x08001270                SystemInit
 .text.Reset_Handler
                0x0800127c       0x48 ./Core/Startup/startup_stm32f103c8tx.o
                0x0800127c                Reset_Handler
 .text.Default_Handler
                0x080012c4        0x2 ./Core/Startup/startup_stm32f103c8tx.o
                0x080012c4                RTC_Alarm_IRQHandler
                0x080012c4                EXTI2_IRQHandler
                0x080012c4                TIM1_CC_IRQHandler
                0x080012c4                PVD_IRQHandler
                0x080012c4                EXTI3_IRQHandler
                0x080012c4                EXTI0_IRQHandler
                0x080012c4                I2C2_EV_IRQHandler
                0x080012c4                ADC1_2_IRQHandler
                0x080012c4                SPI1_IRQHandler
                0x080012c4                TAMPER_IRQHandler
                0x080012c4                DMA1_Channel4_IRQHandler
                0x080012c4                USART3_IRQHandler
                0x080012c4                RTC_IRQHandler
                0x080012c4                DMA1_Channel7_IRQHandler
                0x080012c4                CAN1_RX1_IRQHandler
                0x080012c4                TIM4_IRQHandler
                0x080012c4                I2C1_EV_IRQHandler
                0x080012c4                DMA1_Channel6_IRQHandler
                0x080012c4                TIM3_IRQHandler
                0x080012c4                RCC_IRQHandler
                0x080012c4                TIM1_TRG_COM_IRQHandler
                0x080012c4                DMA1_Channel1_IRQHandler
                0x080012c4                Default_Handler
                0x080012c4                EXTI15_10_IRQHandler
                0x080012c4                EXTI9_5_IRQHandler
                0x080012c4                SPI2_IRQHandler
                0x080012c4                DMA1_Channel5_IRQHandler
                0x080012c4                EXTI4_IRQHandler
                0x080012c4                USB_LP_CAN1_RX0_IRQHandler
                0x080012c4                USB_HP_CAN1_TX_IRQHandler
                0x080012c4                DMA1_Channel3_IRQHandler
                0x080012c4                TIM1_UP_IRQHandler
                0x080012c4                WWDG_IRQHandler
                0x080012c4                TIM2_IRQHandler
                0x080012c4                TIM1_BRK_IRQHandler
                0x080012c4                EXTI1_IRQHandler
                0x080012c4                USART2_IRQHandler
                0x080012c4                I2C2_ER_IRQHandler
                0x080012c4                DMA1_Channel2_IRQHandler
                0x080012c4                CAN1_SCE_IRQHandler
                0x080012c4                FLASH_IRQHandler
                0x080012c4                USART1_IRQHandler
                0x080012c4                I2C1_ER_IRQHandler
                0x080012c4                USBWakeUp_IRQHandler
 *fill*         0x080012c6        0x2 
 .text.aes_gen_tables
                0x080012c8      0x498 ./Core/USER/library/aes.o
 .text.mbedtls_aes_init
                0x08001760       0x1c ./Core/USER/library/aes.o
                0x08001760                mbedtls_aes_init
 .text.mbedtls_aes_free
                0x0800177c       0x22 ./Core/USER/library/aes.o
                0x0800177c                mbedtls_aes_free
 *fill*         0x0800179e        0x2 
 .text.mbedtls_aes_setkey_enc
                0x080017a0      0x3e8 ./Core/USER/library/aes.o
                0x080017a0                mbedtls_aes_setkey_enc
 .text.mbedtls_aes_setkey_dec
                0x08001b88      0x26c ./Core/USER/library/aes.o
                0x08001b88                mbedtls_aes_setkey_dec
 .text.mbedtls_internal_aes_encrypt
                0x08001df4      0x66c ./Core/USER/library/aes.o
                0x08001df4                mbedtls_internal_aes_encrypt
 .text.mbedtls_internal_aes_decrypt
                0x08002460      0x66c ./Core/USER/library/aes.o
                0x08002460                mbedtls_internal_aes_decrypt
 .text.mbedtls_aes_crypt_ecb
                0x08002acc       0x36 ./Core/USER/library/aes.o
                0x08002acc                mbedtls_aes_crypt_ecb
 .text.mbedtls_des_init
                0x08002b02       0x1a ./Core/USER/library/des.o
                0x08002b02                mbedtls_des_init
 .text.mbedtls_des_setkey
                0x08002b1c      0x3f4 ./Core/USER/library/des.o
                0x08002b1c                mbedtls_des_setkey
 .text.mbedtls_des_setkey_enc
                0x08002f10       0x1e ./Core/USER/library/des.o
                0x08002f10                mbedtls_des_setkey_enc
 .text.mbedtls_des_setkey_dec
                0x08002f2e       0x94 ./Core/USER/library/des.o
                0x08002f2e                mbedtls_des_setkey_dec
 *fill*         0x08002fc2        0x2 
 .text.mbedtls_des_crypt_ecb
                0x08002fc4      0x390 ./Core/USER/library/des.o
                0x08002fc4                mbedtls_des_crypt_ecb
 .text.mbedtls_platform_zeroize
                0x08003354       0x28 ./Core/USER/library/platform_util.o
                0x08003354                mbedtls_platform_zeroize
 .text.User_Init
                0x0800337c       0x1c ./Core/USER/user.o
                0x0800337c                User_Init
 .text.Echo     0x08003398       0x48 ./Core/USER/user.o
                0x08003398                Echo
 .text.AES_SetEncryptionKey
                0x080033e0       0x40 ./Core/USER/user.o
                0x080033e0                AES_SetEncryptionKey
 .text.AES_SetDecryptionKey
                0x08003420       0x40 ./Core/USER/user.o
                0x08003420                AES_SetDecryptionKey
 .text.AES_Encrypt
                0x08003460       0x64 ./Core/USER/user.o
                0x08003460                AES_Encrypt
 .text.AES_Decrypt
                0x080034c4       0x64 ./Core/USER/user.o
                0x080034c4                AES_Decrypt
 .text.DES_SetEncryptionKey
                0x08003528       0x34 ./Core/USER/user.o
                0x08003528                DES_SetEncryptionKey
 .text.DES_SetDecryptionKey
                0x0800355c       0x34 ./Core/USER/user.o
                0x0800355c                DES_SetDecryptionKey
 .text.DES_Encrypt
                0x08003590       0x38 ./Core/USER/user.o
                0x08003590                DES_Encrypt
 .text.SPA_UpdateData
                0x080035c8      0x1bc ./Core/USER/user.o
                0x080035c8                SPA_UpdateData
 .text.SPA_ArithmeticCompute
                0x08003784       0x20 ./Core/USER/user.o
                0x08003784                SPA_ArithmeticCompute
 .text.SPA_ConditionJump
                0x080037a4       0x20 ./Core/USER/user.o
                0x080037a4                SPA_ConditionJump
 .text.HAL_Init
                0x080037c4       0x2c ./Drivers/STM32F1xx_HAL_Driver/Src/stm32f1xx_hal.o
                0x080037c4                HAL_Init
 .text.HAL_InitTick
                0x080037f0       0x60 ./Drivers/STM32F1xx_HAL_Driver/Src/stm32f1xx_hal.o
                0x080037f0                HAL_InitTick
 .text.HAL_IncTick
                0x08003850       0x24 ./Drivers/STM32F1xx_HAL_Driver/Src/stm32f1xx_hal.o
                0x08003850                HAL_IncTick
 .text.HAL_GetTick
                0x08003874       0x14 ./Drivers/STM32F1xx_HAL_Driver/Src/stm32f1xx_hal.o
                0x08003874                HAL_GetTick
 .text.HAL_Delay
                0x08003888       0x48 ./Drivers/STM32F1xx_HAL_Driver/Src/stm32f1xx_hal.o
                0x08003888                HAL_Delay
 .text.HAL_CAN_Init
                0x080038d0      0x1f6 ./Drivers/STM32F1xx_HAL_Driver/Src/stm32f1xx_hal_can.o
                0x080038d0                HAL_CAN_Init
 *fill*         0x08003ac6        0x2 
 .text.__NVIC_SetPriorityGrouping
                0x08003ac8       0x48 ./Drivers/STM32F1xx_HAL_Driver/Src/stm32f1xx_hal_cortex.o
 .text.__NVIC_GetPriorityGrouping
                0x08003b10       0x1c ./Drivers/STM32F1xx_HAL_Driver/Src/stm32f1xx_hal_cortex.o
 .text.__NVIC_SetPriority
                0x08003b2c       0x54 ./Drivers/STM32F1xx_HAL_Driver/Src/stm32f1xx_hal_cortex.o
 .text.NVIC_EncodePriority
                0x08003b80       0x64 ./Drivers/STM32F1xx_HAL_Driver/Src/stm32f1xx_hal_cortex.o
 .text.SysTick_Config
                0x08003be4       0x44 ./Drivers/STM32F1xx_HAL_Driver/Src/stm32f1xx_hal_cortex.o
 .text.HAL_NVIC_SetPriorityGrouping
                0x08003c28       0x16 ./Drivers/STM32F1xx_HAL_Driver/Src/stm32f1xx_hal_cortex.o
                0x08003c28                HAL_NVIC_SetPriorityGrouping
 .text.HAL_NVIC_SetPriority
                0x08003c3e       0x38 ./Drivers/STM32F1xx_HAL_Driver/Src/stm32f1xx_hal_cortex.o
                0x08003c3e                HAL_NVIC_SetPriority
 .text.HAL_SYSTICK_Config
                0x08003c76       0x18 ./Drivers/STM32F1xx_HAL_Driver/Src/stm32f1xx_hal_cortex.o
                0x08003c76                HAL_SYSTICK_Config
 *fill*         0x08003c8e        0x2 
 .text.HAL_GPIO_Init
                0x08003c90      0x308 ./Drivers/STM32F1xx_HAL_Driver/Src/stm32f1xx_hal_gpio.o
                0x08003c90                HAL_GPIO_Init
 .text.HAL_GPIO_ReadPin
                0x08003f98       0x2e ./Drivers/STM32F1xx_HAL_Driver/Src/stm32f1xx_hal_gpio.o
                0x08003f98                HAL_GPIO_ReadPin
 .text.HAL_GPIO_WritePin
                0x08003fc6       0x30 ./Drivers/STM32F1xx_HAL_Driver/Src/stm32f1xx_hal_gpio.o
                0x08003fc6                HAL_GPIO_WritePin
 *fill*         0x08003ff6        0x2 
 .text.HAL_I2C_Init
                0x08003ff8      0x288 ./Drivers/STM32F1xx_HAL_Driver/Src/stm32f1xx_hal_i2c.o
                0x08003ff8                HAL_I2C_Init
 .text.HAL_RCC_OscConfig
                0x08004280      0x504 ./Drivers/STM32F1xx_HAL_Driver/Src/stm32f1xx_hal_rcc.o
                0x08004280                HAL_RCC_OscConfig
 .text.HAL_RCC_ClockConfig
                0x08004784      0x1d4 ./Drivers/STM32F1xx_HAL_Driver/Src/stm32f1xx_hal_rcc.o
                0x08004784                HAL_RCC_ClockConfig
 .text.HAL_RCC_GetSysClockFreq
                0x08004958       0xa8 ./Drivers/STM32F1xx_HAL_Driver/Src/stm32f1xx_hal_rcc.o
                0x08004958                HAL_RCC_GetSysClockFreq
 .text.HAL_RCC_GetHCLKFreq
                0x08004a00       0x14 ./Drivers/STM32F1xx_HAL_Driver/Src/stm32f1xx_hal_rcc.o
                0x08004a00                HAL_RCC_GetHCLKFreq
 .text.HAL_RCC_GetPCLK1Freq
                0x08004a14       0x28 ./Drivers/STM32F1xx_HAL_Driver/Src/stm32f1xx_hal_rcc.o
                0x08004a14                HAL_RCC_GetPCLK1Freq
 .text.HAL_RCC_GetPCLK2Freq
                0x08004a3c       0x28 ./Drivers/STM32F1xx_HAL_Driver/Src/stm32f1xx_hal_rcc.o
                0x08004a3c                HAL_RCC_GetPCLK2Freq
 .text.RCC_Delay
                0x08004a64       0x3c ./Drivers/STM32F1xx_HAL_Driver/Src/stm32f1xx_hal_rcc.o
 .text.HAL_SPI_Init
                0x08004aa0      0x108 ./Drivers/STM32F1xx_HAL_Driver/Src/stm32f1xx_hal_spi.o
                0x08004aa0                HAL_SPI_Init
 .text.HAL_SPI_Transmit
                0x08004ba8      0x288 ./Drivers/STM32F1xx_HAL_Driver/Src/stm32f1xx_hal_spi.o
                0x08004ba8                HAL_SPI_Transmit
 .text.HAL_SPI_Receive
                0x08004e30      0x232 ./Drivers/STM32F1xx_HAL_Driver/Src/stm32f1xx_hal_spi.o
                0x08004e30                HAL_SPI_Receive
 .text.HAL_SPI_TransmitReceive
                0x08005062      0x352 ./Drivers/STM32F1xx_HAL_Driver/Src/stm32f1xx_hal_spi.o
                0x08005062                HAL_SPI_TransmitReceive
 .text.SPI_WaitFlagStateUntilTimeout
                0x080053b4      0x110 ./Drivers/STM32F1xx_HAL_Driver/Src/stm32f1xx_hal_spi.o
 .text.SPI_EndRxTransaction
                0x080054c4       0xa4 ./Drivers/STM32F1xx_HAL_Driver/Src/stm32f1xx_hal_spi.o
 .text.SPI_EndRxTxTransaction
                0x08005568       0x62 ./Drivers/STM32F1xx_HAL_Driver/Src/stm32f1xx_hal_spi.o
 .text.HAL_UART_Init
                0x080055ca       0xa0 ./Drivers/STM32F1xx_HAL_Driver/Src/stm32f1xx_hal_uart.o
                0x080055ca                HAL_UART_Init
 .text.HAL_UART_Transmit
                0x0800566a      0x116 ./Drivers/STM32F1xx_HAL_Driver/Src/stm32f1xx_hal_uart.o
                0x0800566a                HAL_UART_Transmit
 .text.HAL_UART_Receive
                0x08005780      0x12e ./Drivers/STM32F1xx_HAL_Driver/Src/stm32f1xx_hal_uart.o
                0x08005780                HAL_UART_Receive
 .text.UART_WaitOnFlagUntilTimeout
                0x080058ae       0xb2 ./Drivers/STM32F1xx_HAL_Driver/Src/stm32f1xx_hal_uart.o
 .text.UART_EndRxTransfer
                0x08005960       0xc4 ./Drivers/STM32F1xx_HAL_Driver/Src/stm32f1xx_hal_uart.o
 .text.UART_SetConfig
                0x08005a24      0x11c ./Drivers/STM32F1xx_HAL_Driver/Src/stm32f1xx_hal_uart.o
 .text.memset   0x08005b40       0x10 C:/ST/STM32CubeIDE_1.16.1/STM32CubeIDE/plugins/com.st.stm32cube.ide.mcu.externaltools.gnu-tools-for-stm32.12.3.rel1.win32_1.0.200.202406191623/tools/bin/../lib/gcc/arm-none-eabi/12.3.1/../../../../arm-none-eabi/lib/thumb/v7-m/nofp\libc_nano.a(libc_a-memset.o)
                0x08005b40                memset
 .text.__libc_init_array
                0x08005b50       0x48 C:/ST/STM32CubeIDE_1.16.1/STM32CubeIDE/plugins/com.st.stm32cube.ide.mcu.externaltools.gnu-tools-for-stm32.12.3.rel1.win32_1.0.200.202406191623/tools/bin/../lib/gcc/arm-none-eabi/12.3.1/../../../../arm-none-eabi/lib/thumb/v7-m/nofp\libc_nano.a(libc_a-init.o)
                0x08005b50                __libc_init_array
 *(.glue_7)
 .glue_7        0x08005b98        0x0 linker stubs
 *(.glue_7t)
 .glue_7t       0x08005b98        0x0 linker stubs
 *(.eh_frame)
 .eh_frame      0x08005b98        0x0 C:/ST/STM32CubeIDE_1.16.1/STM32CubeIDE/plugins/com.st.stm32cube.ide.mcu.externaltools.gnu-tools-for-stm32.12.3.rel1.win32_1.0.200.202406191623/tools/bin/../lib/gcc/arm-none-eabi/12.3.1/thumb/v7-m/nofp/crtbegin.o
 *(.init)
 .init          0x08005b98        0x4 C:/ST/STM32CubeIDE_1.16.1/STM32CubeIDE/plugins/com.st.stm32cube.ide.mcu.externaltools.gnu-tools-for-stm32.12.3.rel1.win32_1.0.200.202406191623/tools/bin/../lib/gcc/arm-none-eabi/12.3.1/thumb/v7-m/nofp/crti.o
                0x08005b98                _init
 .init          0x08005b9c        0x8 C:/ST/STM32CubeIDE_1.16.1/STM32CubeIDE/plugins/com.st.stm32cube.ide.mcu.externaltools.gnu-tools-for-stm32.12.3.rel1.win32_1.0.200.202406191623/tools/bin/../lib/gcc/arm-none-eabi/12.3.1/thumb/v7-m/nofp/crtn.o
 *(.fini)
 .fini          0x08005ba4        0x4 C:/ST/STM32CubeIDE_1.16.1/STM32CubeIDE/plugins/com.st.stm32cube.ide.mcu.externaltools.gnu-tools-for-stm32.12.3.rel1.win32_1.0.200.202406191623/tools/bin/../lib/gcc/arm-none-eabi/12.3.1/thumb/v7-m/nofp/crti.o
                0x08005ba4                _fini
 .fini          0x08005ba8        0x8 C:/ST/STM32CubeIDE_1.16.1/STM32CubeIDE/plugins/com.st.stm32cube.ide.mcu.externaltools.gnu-tools-for-stm32.12.3.rel1.win32_1.0.200.202406191623/tools/bin/../lib/gcc/arm-none-eabi/12.3.1/thumb/v7-m/nofp/crtn.o
                0x08005bb0                        . = ALIGN (0x4)
                0x08005bb0                        _etext = .

.vfp11_veneer   0x08005bb0        0x0
 .vfp11_veneer  0x08005bb0        0x0 linker stubs

.v4_bx          0x08005bb0        0x0
 .v4_bx         0x08005bb0        0x0 linker stubs

.iplt           0x08005bb0        0x0
 .iplt          0x08005bb0        0x0 C:/ST/STM32CubeIDE_1.16.1/STM32CubeIDE/plugins/com.st.stm32cube.ide.mcu.externaltools.gnu-tools-for-stm32.12.3.rel1.win32_1.0.200.202406191623/tools/bin/../lib/gcc/arm-none-eabi/12.3.1/thumb/v7-m/nofp/crtbegin.o

.rodata         0x08005bb0      0x8ac
                0x08005bb0                        . = ALIGN (0x4)
 *(.rodata)
 *(.rodata*)
 .rodata.AHBPrescTable
                0x08005bb0       0x10 ./Core/Src/system_stm32f1xx.o
                0x08005bb0                AHBPrescTable
 .rodata.APBPrescTable
                0x08005bc0        0x8 ./Core/Src/system_stm32f1xx.o
                0x08005bc0                APBPrescTable
 .rodata.SB1    0x08005bc8      0x100 ./Core/USER/library/des.o
 .rodata.SB2    0x08005cc8      0x100 ./Core/USER/library/des.o
 .rodata.SB3    0x08005dc8      0x100 ./Core/USER/library/des.o
 .rodata.SB4    0x08005ec8      0x100 ./Core/USER/library/des.o
 .rodata.SB5    0x08005fc8      0x100 ./Core/USER/library/des.o
 .rodata.SB6    0x080060c8      0x100 ./Core/USER/library/des.o
 .rodata.SB7    0x080061c8      0x100 ./Core/USER/library/des.o
 .rodata.SB8    0x080062c8      0x100 ./Core/USER/library/des.o
 .rodata.LHs    0x080063c8       0x40 ./Core/USER/library/des.o
 .rodata.RHs    0x08006408       0x40 ./Core/USER/library/des.o
 .rodata.aPLLMULFactorTable.1
                0x08006448       0x10 ./Drivers/STM32F1xx_HAL_Driver/Src/stm32f1xx_hal_rcc.o
 .rodata.aPredivFactorTable.0
                0x08006458        0x2 ./Drivers/STM32F1xx_HAL_Driver/Src/stm32f1xx_hal_rcc.o
                0x0800645c                        . = ALIGN (0x4)
 *fill*         0x0800645a        0x2 

.ARM.extab      0x0800645c        0x0
                0x0800645c                        . = ALIGN (0x4)
 *(.ARM.extab* .gnu.linkonce.armextab.*)
                0x0800645c                        . = ALIGN (0x4)

.ARM            0x0800645c        0x0
                0x0800645c                        . = ALIGN (0x4)
                0x0800645c                        __exidx_start = .
 *(.ARM.exidx*)
                0x0800645c                        __exidx_end = .
                0x0800645c                        . = ALIGN (0x4)

.preinit_array  0x0800645c        0x0
                0x0800645c                        . = ALIGN (0x4)
                0x0800645c                        PROVIDE (__preinit_array_start = .)
 *(.preinit_array*)
                0x0800645c                        PROVIDE (__preinit_array_end = .)
                0x0800645c                        . = ALIGN (0x4)

.init_array     0x0800645c        0x4
                0x0800645c                        . = ALIGN (0x4)
                0x0800645c                        PROVIDE (__init_array_start = .)
 *(SORT_BY_NAME(.init_array.*))
 *(.init_array*)
 .init_array    0x0800645c        0x4 C:/ST/STM32CubeIDE_1.16.1/STM32CubeIDE/plugins/com.st.stm32cube.ide.mcu.externaltools.gnu-tools-for-stm32.12.3.rel1.win32_1.0.200.202406191623/tools/bin/../lib/gcc/arm-none-eabi/12.3.1/thumb/v7-m/nofp/crtbegin.o
                0x08006460                        PROVIDE (__init_array_end = .)
                0x08006460                        . = ALIGN (0x4)

.fini_array     0x08006460        0x4
                0x08006460                        . = ALIGN (0x4)
                [!provide]                        PROVIDE (__fini_array_start = .)
 *(SORT_BY_NAME(.fini_array.*))
 *(.fini_array*)
 .fini_array    0x08006460        0x4 C:/ST/STM32CubeIDE_1.16.1/STM32CubeIDE/plugins/com.st.stm32cube.ide.mcu.externaltools.gnu-tools-for-stm32.12.3.rel1.win32_1.0.200.202406191623/tools/bin/../lib/gcc/arm-none-eabi/12.3.1/thumb/v7-m/nofp/crtbegin.o
                [!provide]                        PROVIDE (__fini_array_end = .)
                0x08006464                        . = ALIGN (0x4)
                0x08006464                        _sidata = LOADADDR (.data)

.rel.dyn        0x08006464        0x0
 .rel.iplt      0x08006464        0x0 C:/ST/STM32CubeIDE_1.16.1/STM32CubeIDE/plugins/com.st.stm32cube.ide.mcu.externaltools.gnu-tools-for-stm32.12.3.rel1.win32_1.0.200.202406191623/tools/bin/../lib/gcc/arm-none-eabi/12.3.1/thumb/v7-m/nofp/crtbegin.o

.data           0x20000000       0x78 load address 0x08006464
                0x20000000                        . = ALIGN (0x4)
                0x20000000                        _sdata = .
 *(.data)
 *(.data*)
 .data.tx_buffer
                0x20000000        0x4 ./Core/Src/nut_communication.o
                0x20000000                tx_buffer
 .data.rx_buffer
                0x20000004        0x4 ./Core/Src/nut_communication.o
                0x20000004                rx_buffer
 .data.error_header
                0x20000008        0x6 ./Core/Src/nut_communication.o
                0x20000008                error_header
 *fill*         0x2000000e        0x2 
 .data.SystemCoreClock
                0x20000010        0x4 ./Core/Src/system_stm32f1xx.o
                0x20000010                SystemCoreClock
 .data.memset_func
                0x20000014        0x4 ./Core/USER/library/platform_util.o
 .data.key_length
                0x20000018        0x4 ./Core/USER/user.o
                0x20000018                key_length
 .data.rambuff_u16
                0x2000001c        0x4 ./Core/USER/user.o
                0x2000001c                rambuff_u16
 .data.rambuff_u8
                0x20000020        0x4 ./Core/USER/user.o
                0x20000020                rambuff_u8
 .data.cmd_list
                0x20000024       0x1a ./Core/USER/user.o
                0x20000024                cmd_list
 *fill*         0x2000003e        0x2 
 .data.cmd_prog_list
                0x20000040       0x30 ./Core/USER/user.o
                0x20000040                cmd_prog_list
 .data.uwTickPrio
                0x20000070        0x4 ./Drivers/STM32F1xx_HAL_Driver/Src/stm32f1xx_hal.o
                0x20000070                uwTickPrio
 .data.uwTickFreq
                0x20000074        0x1 ./Drivers/STM32F1xx_HAL_Driver/Src/stm32f1xx_hal.o
                0x20000074                uwTickFreq
 *(.RamFunc)
 *(.RamFunc*)
                0x20000078                        . = ALIGN (0x4)
 *fill*         0x20000075        0x3 
                0x20000078                        _edata = .

.igot.plt       0x20000078        0x0 load address 0x080064dc
 .igot.plt      0x20000078        0x0 C:/ST/STM32CubeIDE_1.16.1/STM32CubeIDE/plugins/com.st.stm32cube.ide.mcu.externaltools.gnu-tools-for-stm32.12.3.rel1.win32_1.0.200.202406191623/tools/bin/../lib/gcc/arm-none-eabi/12.3.1/thumb/v7-m/nofp/crtbegin.o
                0x20000078                        . = ALIGN (0x4)

.bss            0x20000078     0x4964 load address 0x080064dc
                0x20000078                        _sbss = .
                0x20000078                        __bss_start__ = _sbss
 *(.bss)
 .bss           0x20000078       0x1c C:/ST/STM32CubeIDE_1.16.1/STM32CubeIDE/plugins/com.st.stm32cube.ide.mcu.externaltools.gnu-tools-for-stm32.12.3.rel1.win32_1.0.200.202406191623/tools/bin/../lib/gcc/arm-none-eabi/12.3.1/thumb/v7-m/nofp/crtbegin.o
 *(.bss*)
 .bss.hcan      0x20000094       0x28 ./Core/Src/main.o
                0x20000094                hcan
 .bss.hi2c1     0x200000bc       0x54 ./Core/Src/main.o
                0x200000bc                hi2c1
 .bss.hspi1     0x20000110       0x58 ./Core/Src/main.o
                0x20000110                hspi1
 .bss.huart1    0x20000168       0x48 ./Core/Src/main.o
                0x20000168                huart1
 .bss.huart2    0x200001b0       0x48 ./Core/Src/main.o
                0x200001b0                huart2
 .bss.cmd_program
                0x200001f8        0x4 ./Core/Src/nut_communication.o
                0x200001f8                cmd_program
 .bss.status    0x200001fc        0x1 ./Core/Src/nut_communication.o
                0x200001fc                status
 .bss.error     0x200001fd        0x1 ./Core/Src/nut_communication.o
                0x200001fd                error
 *fill*         0x200001fe        0x2 
 .bss.tx_header
                0x20000200     0x1006 ./Core/Src/nut_communication.o
                0x20000200                tx_header
 *fill*         0x20001206        0x2 
 .bss.rx_header
                0x20001208     0x1008 ./Core/Src/nut_communication.o
                0x20001208                rx_header
 .bss.comm_max_batch_size
                0x20002210        0x2 ./Core/Src/nut_communication.o
                0x20002210                comm_max_batch_size
 .bss.success_cmd_count
                0x20002212        0x1 ./Core/Src/nut_communication.o
                0x20002212                success_cmd_count
 .bss.received_any_count
                0x20002213        0x1 ./Core/Src/nut_communication.o
                0x20002213                received_any_count
 .bss.FSb       0x20002214      0x100 ./Core/USER/library/aes.o
 .bss.FT0       0x20002314      0x400 ./Core/USER/library/aes.o
 .bss.FT1       0x20002714      0x400 ./Core/USER/library/aes.o
 .bss.FT2       0x20002b14      0x400 ./Core/USER/library/aes.o
 .bss.FT3       0x20002f14      0x400 ./Core/USER/library/aes.o
 .bss.RSb       0x20003314      0x100 ./Core/USER/library/aes.o
 .bss.RT0       0x20003414      0x400 ./Core/USER/library/aes.o
 .bss.RT1       0x20003814      0x400 ./Core/USER/library/aes.o
 .bss.RT2       0x20003c14      0x400 ./Core/USER/library/aes.o
 .bss.RT3       0x20004014      0x400 ./Core/USER/library/aes.o
 .bss.RCON      0x20004414       0x28 ./Core/USER/library/aes.o
 .bss.aes_init_done
                0x2000443c        0x4 ./Core/USER/library/aes.o
 .bss.aes_ctx   0x20004440      0x118 ./Core/USER/user.o
                0x20004440                aes_ctx
 .bss.des_ctx   0x20004558       0x80 ./Core/USER/user.o
                0x20004558                des_ctx
 .bss.rambuff_u32
                0x200045d8      0x400 ./Core/USER/user.o
                0x200045d8                rambuff_u32
 .bss.uwTick    0x200049d8        0x4 ./Drivers/STM32F1xx_HAL_Driver/Src/stm32f1xx_hal.o
                0x200049d8                uwTick
 *(COMMON)
                0x200049dc                        . = ALIGN (0x4)
                0x200049dc                        _ebss = .
                0x200049dc                        __bss_end__ = _ebss

._user_heap_stack
                0x200049dc      0x604 load address 0x080064dc
                0x200049e0                        . = ALIGN (0x8)
 *fill*         0x200049dc        0x4 
                [!provide]                        PROVIDE (end = .)
                0x200049e0                        PROVIDE (_end = .)
                0x20004be0                        . = (. + _Min_Heap_Size)
 *fill*         0x200049e0      0x200 
                0x20004fe0                        . = (. + _Min_Stack_Size)
 *fill*         0x20004be0      0x400 
                0x20004fe0                        . = ALIGN (0x8)

/DISCARD/
 libc.a(*)
 libm.a(*)
 libgcc.a(*)

.ARM.attributes
                0x00000000       0x29
 *(.ARM.attributes)
 .ARM.attributes
                0x00000000       0x1d C:/ST/STM32CubeIDE_1.16.1/STM32CubeIDE/plugins/com.st.stm32cube.ide.mcu.externaltools.gnu-tools-for-stm32.12.3.rel1.win32_1.0.200.202406191623/tools/bin/../lib/gcc/arm-none-eabi/12.3.1/thumb/v7-m/nofp/crti.o
 .ARM.attributes
                0x0000001d       0x2d C:/ST/STM32CubeIDE_1.16.1/STM32CubeIDE/plugins/com.st.stm32cube.ide.mcu.externaltools.gnu-tools-for-stm32.12.3.rel1.win32_1.0.200.202406191623/tools/bin/../lib/gcc/arm-none-eabi/12.3.1/thumb/v7-m/nofp/crtbegin.o
 .ARM.attributes
                0x0000004a       0x2d ./Core/Src/main.o
 .ARM.attributes
                0x00000077       0x2d ./Core/Src/nut_communication.o
 .ARM.attributes
                0x000000a4       0x2d ./Core/Src/stm32f1xx_hal_msp.o
 .ARM.attributes
                0x000000d1       0x2d ./Core/Src/stm32f1xx_it.o
 .ARM.attributes
                0x000000fe       0x2d ./Core/Src/system_stm32f1xx.o
 .ARM.attributes
                0x0000012b       0x21 ./Core/Startup/startup_stm32f103c8tx.o
 .ARM.attributes
                0x0000014c       0x2d ./Core/USER/library/aes.o
 .ARM.attributes
                0x00000179       0x2d ./Core/USER/library/des.o
 .ARM.attributes
                0x000001a6       0x2d ./Core/USER/library/platform_util.o
 .ARM.attributes
                0x000001d3       0x2d ./Core/USER/user.o
 .ARM.attributes
                0x00000200       0x2d ./Drivers/STM32F1xx_HAL_Driver/Src/stm32f1xx_hal.o
 .ARM.attributes
                0x0000022d       0x2d ./Drivers/STM32F1xx_HAL_Driver/Src/stm32f1xx_hal_can.o
 .ARM.attributes
                0x0000025a       0x2d ./Drivers/STM32F1xx_HAL_Driver/Src/stm32f1xx_hal_cortex.o
 .ARM.attributes
                0x00000287       0x2d ./Drivers/STM32F1xx_HAL_Driver/Src/stm32f1xx_hal_gpio.o
 .ARM.attributes
                0x000002b4       0x2d ./Drivers/STM32F1xx_HAL_Driver/Src/stm32f1xx_hal_i2c.o
 .ARM.attributes
                0x000002e1       0x2d ./Drivers/STM32F1xx_HAL_Driver/Src/stm32f1xx_hal_rcc.o
 .ARM.attributes
                0x0000030e       0x2d ./Drivers/STM32F1xx_HAL_Driver/Src/stm32f1xx_hal_spi.o
 .ARM.attributes
                0x0000033b       0x2d ./Drivers/STM32F1xx_HAL_Driver/Src/stm32f1xx_hal_uart.o
 .ARM.attributes
                0x00000368       0x2d C:/ST/STM32CubeIDE_1.16.1/STM32CubeIDE/plugins/com.st.stm32cube.ide.mcu.externaltools.gnu-tools-for-stm32.12.3.rel1.win32_1.0.200.202406191623/tools/bin/../lib/gcc/arm-none-eabi/12.3.1/../../../../arm-none-eabi/lib/thumb/v7-m/nofp\libc_nano.a(libc_a-memset.o)
 .ARM.attributes
                0x00000395       0x2d C:/ST/STM32CubeIDE_1.16.1/STM32CubeIDE/plugins/com.st.stm32cube.ide.mcu.externaltools.gnu-tools-for-stm32.12.3.rel1.win32_1.0.200.202406191623/tools/bin/../lib/gcc/arm-none-eabi/12.3.1/../../../../arm-none-eabi/lib/thumb/v7-m/nofp\libc_nano.a(libc_a-init.o)
 .ARM.attributes
                0x000003c2       0x1d C:/ST/STM32CubeIDE_1.16.1/STM32CubeIDE/plugins/com.st.stm32cube.ide.mcu.externaltools.gnu-tools-for-stm32.12.3.rel1.win32_1.0.200.202406191623/tools/bin/../lib/gcc/arm-none-eabi/12.3.1/thumb/v7-m/nofp/crtn.o
OUTPUT(NUT_F103C8TX.elf elf32-littlearm)
LOAD linker stubs
LOAD C:/ST/STM32CubeIDE_1.16.1/STM32CubeIDE/plugins/com.st.stm32cube.ide.mcu.externaltools.gnu-tools-for-stm32.12.3.rel1.win32_1.0.200.202406191623/tools/bin/../lib/gcc/arm-none-eabi/12.3.1/../../../../arm-none-eabi/lib/thumb/v7-m/nofp\libc.a
LOAD C:/ST/STM32CubeIDE_1.16.1/STM32CubeIDE/plugins/com.st.stm32cube.ide.mcu.externaltools.gnu-tools-for-stm32.12.3.rel1.win32_1.0.200.202406191623/tools/bin/../lib/gcc/arm-none-eabi/12.3.1/../../../../arm-none-eabi/lib/thumb/v7-m/nofp\libm.a
LOAD C:/ST/STM32CubeIDE_1.16.1/STM32CubeIDE/plugins/com.st.stm32cube.ide.mcu.externaltools.gnu-tools-for-stm32.12.3.rel1.win32_1.0.200.202406191623/tools/bin/../lib/gcc/arm-none-eabi/12.3.1/thumb/v7-m/nofp\libgcc.a

.debug_info     0x00000000     0xfc44
 .debug_info    0x00000000     0x12ee ./Core/Src/main.o
 .debug_info    0x000012ee     0x1633 ./Core/Src/nut_communication.o
 .debug_info    0x00002921     0x127a ./Core/Src/stm32f1xx_hal_msp.o
 .debug_info    0x00003b9b      0x113 ./Core/Src/stm32f1xx_it.o
 .debug_info    0x00003cae      0x222 ./Core/Src/system_stm32f1xx.o
 .debug_info    0x00003ed0       0x30 ./Core/Startup/startup_stm32f103c8tx.o
 .debug_info    0x00003f00     0x1150 ./Core/USER/library/aes.o
 .debug_info    0x00005050      0xb21 ./Core/USER/library/des.o
 .debug_info    0x00005b71      0x244 ./Core/USER/library/platform_util.o
 .debug_info    0x00005db5      0x833 ./Core/USER/user.o
 .debug_info    0x000065e8      0x704 ./Drivers/STM32F1xx_HAL_Driver/Src/stm32f1xx_hal.o
 .debug_info    0x00006cec      0xf13 ./Drivers/STM32F1xx_HAL_Driver/Src/stm32f1xx_hal_can.o
 .debug_info    0x00007bff      0xa87 ./Drivers/STM32F1xx_HAL_Driver/Src/stm32f1xx_hal_cortex.o
 .debug_info    0x00008686      0x5ab ./Drivers/STM32F1xx_HAL_Driver/Src/stm32f1xx_hal_gpio.o
 .debug_info    0x00008c31     0x2524 ./Drivers/STM32F1xx_HAL_Driver/Src/stm32f1xx_hal_i2c.o
 .debug_info    0x0000b155      0x7d5 ./Drivers/STM32F1xx_HAL_Driver/Src/stm32f1xx_hal_rcc.o
 .debug_info    0x0000b92a     0x142d ./Drivers/STM32F1xx_HAL_Driver/Src/stm32f1xx_hal_spi.o
 .debug_info    0x0000cd57     0x2eed ./Drivers/STM32F1xx_HAL_Driver/Src/stm32f1xx_hal_uart.o

.debug_abbrev   0x00000000     0x24d5
 .debug_abbrev  0x00000000      0x2cd ./Core/Src/main.o
 .debug_abbrev  0x000002cd      0x373 ./Core/Src/nut_communication.o
 .debug_abbrev  0x00000640      0x230 ./Core/Src/stm32f1xx_hal_msp.o
 .debug_abbrev  0x00000870       0x73 ./Core/Src/stm32f1xx_it.o
 .debug_abbrev  0x000008e3      0x13f ./Core/Src/system_stm32f1xx.o
 .debug_abbrev  0x00000a22       0x24 ./Core/Startup/startup_stm32f103c8tx.o
 .debug_abbrev  0x00000a46      0x1fb ./Core/USER/library/aes.o
 .debug_abbrev  0x00000c41      0x20b ./Core/USER/library/des.o
 .debug_abbrev  0x00000e4c      0x127 ./Core/USER/library/platform_util.o
 .debug_abbrev  0x00000f73      0x1bb ./Core/USER/user.o
 .debug_abbrev  0x0000112e      0x201 ./Drivers/STM32F1xx_HAL_Driver/Src/stm32f1xx_hal.o
 .debug_abbrev  0x0000132f      0x21c ./Drivers/STM32F1xx_HAL_Driver/Src/stm32f1xx_hal_can.o
 .debug_abbrev  0x0000154b      0x2f8 ./Drivers/STM32F1xx_HAL_Driver/Src/stm32f1xx_hal_cortex.o
 .debug_abbrev  0x00001843      0x1ca ./Drivers/STM32F1xx_HAL_Driver/Src/stm32f1xx_hal_gpio.o
 .debug_abbrev  0x00001a0d      0x2a3 ./Drivers/STM32F1xx_HAL_Driver/Src/stm32f1xx_hal_i2c.o
 .debug_abbrev  0x00001cb0      0x2b3 ./Drivers/STM32F1xx_HAL_Driver/Src/stm32f1xx_hal_rcc.o
 .debug_abbrev  0x00001f63      0x27a ./Drivers/STM32F1xx_HAL_Driver/Src/stm32f1xx_hal_spi.o
 .debug_abbrev  0x000021dd      0x2f8 ./Drivers/STM32F1xx_HAL_Driver/Src/stm32f1xx_hal_uart.o

.debug_aranges  0x00000000      0xf18
 .debug_aranges
                0x00000000       0x60 ./Core/Src/main.o
 .debug_aranges
                0x00000060      0x108 ./Core/Src/nut_communication.o
 .debug_aranges
                0x00000168       0x60 ./Core/Src/stm32f1xx_hal_msp.o
 .debug_aranges
                0x000001c8       0x60 ./Core/Src/stm32f1xx_it.o
 .debug_aranges
                0x00000228       0x28 ./Core/Src/system_stm32f1xx.o
 .debug_aranges
                0x00000250       0x28 ./Core/Startup/startup_stm32f103c8tx.o
 .debug_aranges
                0x00000278       0xc0 ./Core/USER/library/aes.o
 .debug_aranges
                0x00000338       0xc0 ./Core/USER/library/des.o
 .debug_aranges
                0x000003f8       0x28 ./Core/USER/library/platform_util.o
 .debug_aranges
                0x00000420       0x78 ./Core/USER/user.o
 .debug_aranges
                0x00000498       0xe0 ./Drivers/STM32F1xx_HAL_Driver/Src/stm32f1xx_hal.o
 .debug_aranges
                0x00000578      0x138 ./Drivers/STM32F1xx_HAL_Driver/Src/stm32f1xx_hal_can.o
 .debug_aranges
                0x000006b0      0x100 ./Drivers/STM32F1xx_HAL_Driver/Src/stm32f1xx_hal_cortex.o
 .debug_aranges
                0x000007b0       0x58 ./Drivers/STM32F1xx_HAL_Driver/Src/stm32f1xx_hal_gpio.o
 .debug_aranges
                0x00000808      0x2a8 ./Drivers/STM32F1xx_HAL_Driver/Src/stm32f1xx_hal_i2c.o
 .debug_aranges
                0x00000ab0       0x90 ./Drivers/STM32F1xx_HAL_Driver/Src/stm32f1xx_hal_rcc.o
 .debug_aranges
                0x00000b40      0x1d0 ./Drivers/STM32F1xx_HAL_Driver/Src/stm32f1xx_hal_spi.o
 .debug_aranges
                0x00000d10      0x208 ./Drivers/STM32F1xx_HAL_Driver/Src/stm32f1xx_hal_uart.o

.debug_rnglists
                0x00000000      0xbe9
 .debug_rnglists
                0x00000000       0x45 ./Core/Src/main.o
 .debug_rnglists
                0x00000045       0xc4 ./Core/Src/nut_communication.o
 .debug_rnglists
                0x00000109       0x46 ./Core/Src/stm32f1xx_hal_msp.o
 .debug_rnglists
                0x0000014f       0x43 ./Core/Src/stm32f1xx_it.o
 .debug_rnglists
                0x00000192       0x1a ./Core/Src/system_stm32f1xx.o
 .debug_rnglists
                0x000001ac       0x19 ./Core/Startup/startup_stm32f103c8tx.o
 .debug_rnglists
                0x000001c5       0xb6 ./Core/USER/library/aes.o
 .debug_rnglists
                0x0000027b       0xa3 ./Core/USER/library/des.o
 .debug_rnglists
                0x0000031e       0x19 ./Core/USER/library/platform_util.o
 .debug_rnglists
                0x00000337       0x56 ./Core/USER/user.o
 .debug_rnglists
                0x0000038d       0xa3 ./Drivers/STM32F1xx_HAL_Driver/Src/stm32f1xx_hal.o
 .debug_rnglists
                0x00000430       0xed ./Drivers/STM32F1xx_HAL_Driver/Src/stm32f1xx_hal_can.o
 .debug_rnglists
                0x0000051d       0xbb ./Drivers/STM32F1xx_HAL_Driver/Src/stm32f1xx_hal_cortex.o
 .debug_rnglists
                0x000005d8       0x3f ./Drivers/STM32F1xx_HAL_Driver/Src/stm32f1xx_hal_gpio.o
 .debug_rnglists
                0x00000617      0x23c ./Drivers/STM32F1xx_HAL_Driver/Src/stm32f1xx_hal_i2c.o
 .debug_rnglists
                0x00000853       0x6c ./Drivers/STM32F1xx_HAL_Driver/Src/stm32f1xx_hal_rcc.o
 .debug_rnglists
                0x000008bf      0x16e ./Drivers/STM32F1xx_HAL_Driver/Src/stm32f1xx_hal_spi.o
 .debug_rnglists
                0x00000a2d      0x1bc ./Drivers/STM32F1xx_HAL_Driver/Src/stm32f1xx_hal_uart.o

.debug_macro    0x00000000    0x187bf
 .debug_macro   0x00000000      0x1c4 ./Core/Src/main.o
 .debug_macro   0x000001c4      0xaa8 ./Core/Src/main.o
 .debug_macro   0x00000c6c      0x227 ./Core/Src/main.o
 .debug_macro   0x00000e93       0x2e ./Core/Src/main.o
 .debug_macro   0x00000ec1       0x22 ./Core/Src/main.o
 .debug_macro   0x00000ee3       0x22 ./Core/Src/main.o
 .debug_macro   0x00000f05       0x8e ./Core/Src/main.o
 .debug_macro   0x00000f93       0x51 ./Core/Src/main.o
 .debug_macro   0x00000fe4      0x103 ./Core/Src/main.o
 .debug_macro   0x000010e7       0x6a ./Core/Src/main.o
 .debug_macro   0x00001151      0x1df ./Core/Src/main.o
 .debug_macro   0x00001330       0x1c ./Core/Src/main.o
 .debug_macro   0x0000134c       0x22 ./Core/Src/main.o
 .debug_macro   0x0000136e       0xbd ./Core/Src/main.o
 .debug_macro   0x0000142b      0xd23 ./Core/Src/main.o
 .debug_macro   0x0000214e     0xe09e ./Core/Src/main.o
 .debug_macro   0x000101ec       0x6d ./Core/Src/main.o
 .debug_macro   0x00010259     0x34a2 ./Core/Src/main.o
 .debug_macro   0x000136fb      0x189 ./Core/Src/main.o
 .debug_macro   0x00013884       0x5c ./Core/Src/main.o
 .debug_macro   0x000138e0      0x5bc ./Core/Src/main.o
 .debug_macro   0x00013e9c      0x289 ./Core/Src/main.o
 .debug_macro   0x00014125      0x1cb ./Core/Src/main.o
 .debug_macro   0x000142f0      0x114 ./Core/Src/main.o
 .debug_macro   0x00014404      0x1b2 ./Core/Src/main.o
 .debug_macro   0x000145b6       0x27 ./Core/Src/main.o
 .debug_macro   0x000145dd      0x136 ./Core/Src/main.o
 .debug_macro   0x00014713      0x1bc ./Core/Src/main.o
 .debug_macro   0x000148cf       0x34 ./Core/Src/main.o
 .debug_macro   0x00014903       0x3c ./Core/Src/main.o
 .debug_macro   0x0001493f      0x408 ./Core/Src/main.o
 .debug_macro   0x00014d47       0x57 ./Core/Src/main.o
 .debug_macro   0x00014d9e       0x87 ./Core/Src/main.o
 .debug_macro   0x00014e25      0x240 ./Core/Src/main.o
 .debug_macro   0x00015065      0x287 ./Core/Src/main.o
 .debug_macro   0x000152ec      0x140 ./Core/Src/main.o
 .debug_macro   0x0001542c      0x217 ./Core/Src/main.o
 .debug_macro   0x00015643      0x28e ./Core/Src/main.o
 .debug_macro   0x000158d1       0x83 ./Core/Src/main.o
 .debug_macro   0x00015954       0x4c ./Core/Src/main.o
 .debug_macro   0x000159a0       0x16 ./Core/Src/main.o
 .debug_macro   0x000159b6      0x1c8 ./Core/Src/nut_communication.o
 .debug_macro   0x00015b7e       0x10 ./Core/Src/nut_communication.o
 .debug_macro   0x00015b8e       0x70 ./Core/Src/nut_communication.o
 .debug_macro   0x00015bfe      0x1bb ./Core/Src/stm32f1xx_hal_msp.o
 .debug_macro   0x00015db9      0x1c5 ./Core/Src/stm32f1xx_it.o
 .debug_macro   0x00015f7e      0x1ac ./Core/Src/system_stm32f1xx.o
 .debug_macro   0x0001612a      0x396 ./Core/USER/library/aes.o
 .debug_macro   0x000164c0       0x2e ./Core/USER/library/aes.o
 .debug_macro   0x000164ee      0x383 ./Core/USER/library/aes.o
 .debug_macro   0x00016871       0x7c ./Core/USER/library/aes.o
 .debug_macro   0x000168ed       0x17 ./Core/USER/library/aes.o
 .debug_macro   0x00016904      0x118 ./Core/USER/library/aes.o
 .debug_macro   0x00016a1c       0x12 ./Core/USER/library/aes.o
 .debug_macro   0x00016a2e       0xb4 ./Core/USER/library/aes.o
 .debug_macro   0x00016ae2       0x10 ./Core/USER/library/aes.o
 .debug_macro   0x00016af2       0x20 ./Core/USER/library/aes.o
 .debug_macro   0x00016b12       0x10 ./Core/USER/library/aes.o
 .debug_macro   0x00016b22       0x16 ./Core/USER/library/aes.o
 .debug_macro   0x00016b38       0x42 ./Core/USER/library/aes.o
 .debug_macro   0x00016b7a       0x22 ./Core/USER/library/aes.o
 .debug_macro   0x00016b9c       0x91 ./Core/USER/library/aes.o
 .debug_macro   0x00016c2d       0x22 ./Core/USER/library/aes.o
 .debug_macro   0x00016c4f       0x10 ./Core/USER/library/aes.o
 .debug_macro   0x00016c5f       0x16 ./Core/USER/library/aes.o
 .debug_macro   0x00016c75      0x339 ./Core/USER/library/des.o
 .debug_macro   0x00016fae      0x2b8 ./Core/USER/library/platform_util.o
 .debug_macro   0x00017266       0x5c ./Core/USER/library/platform_util.o
 .debug_macro   0x000172c2       0xb8 ./Core/USER/library/platform_util.o
 .debug_macro   0x0001737a       0x16 ./Core/USER/library/platform_util.o
 .debug_macro   0x00017390      0x12a ./Core/USER/library/platform_util.o
 .debug_macro   0x000174ba       0x22 ./Core/USER/library/platform_util.o
 .debug_macro   0x000174dc       0x16 ./Core/USER/library/platform_util.o
 .debug_macro   0x000174f2      0x3f5 ./Core/USER/user.o
 .debug_macro   0x000178e7       0x10 ./Core/USER/user.o
 .debug_macro   0x000178f7       0x61 ./Core/USER/user.o
 .debug_macro   0x00017958      0x1d0 ./Drivers/STM32F1xx_HAL_Driver/Src/stm32f1xx_hal.o
 .debug_macro   0x00017b28      0x1bb ./Drivers/STM32F1xx_HAL_Driver/Src/stm32f1xx_hal_can.o
 .debug_macro   0x00017ce3      0x1ac ./Drivers/STM32F1xx_HAL_Driver/Src/stm32f1xx_hal_cortex.o
 .debug_macro   0x00017e8f      0x217 ./Drivers/STM32F1xx_HAL_Driver/Src/stm32f1xx_hal_gpio.o
 .debug_macro   0x000180a6      0x1fa ./Drivers/STM32F1xx_HAL_Driver/Src/stm32f1xx_hal_i2c.o
 .debug_macro   0x000182a0      0x1be ./Drivers/STM32F1xx_HAL_Driver/Src/stm32f1xx_hal_rcc.o
 .debug_macro   0x0001845e      0x1b4 ./Drivers/STM32F1xx_HAL_Driver/Src/stm32f1xx_hal_spi.o
 .debug_macro   0x00018612      0x1ad ./Drivers/STM32F1xx_HAL_Driver/Src/stm32f1xx_hal_uart.o

.debug_line     0x00000000    0x13b09
 .debug_line    0x00000000      0x912 ./Core/Src/main.o
 .debug_line    0x00000912      0xe37 ./Core/Src/nut_communication.o
 .debug_line    0x00001749      0x895 ./Core/Src/stm32f1xx_hal_msp.o
 .debug_line    0x00001fde      0x7db ./Core/Src/stm32f1xx_it.o
 .debug_line    0x000027b9      0x797 ./Core/Src/system_stm32f1xx.o
 .debug_line    0x00002f50       0x78 ./Core/Startup/startup_stm32f103c8tx.o
 .debug_line    0x00002fc8     0x1dc2 ./Core/USER/library/aes.o
 .debug_line    0x00004d8a     0x167d ./Core/USER/library/des.o
 .debug_line    0x00006407      0x849 ./Core/USER/library/platform_util.o
 .debug_line    0x00006c50      0xd89 ./Core/USER/user.o
 .debug_line    0x000079d9      0x9c4 ./Drivers/STM32F1xx_HAL_Driver/Src/stm32f1xx_hal.o
 .debug_line    0x0000839d     0x11a6 ./Drivers/STM32F1xx_HAL_Driver/Src/stm32f1xx_hal_can.o
 .debug_line    0x00009543      0xbb0 ./Drivers/STM32F1xx_HAL_Driver/Src/stm32f1xx_hal_cortex.o
 .debug_line    0x0000a0f3      0xa5d ./Drivers/STM32F1xx_HAL_Driver/Src/stm32f1xx_hal_gpio.o
 .debug_line    0x0000ab50     0x3c61 ./Drivers/STM32F1xx_HAL_Driver/Src/stm32f1xx_hal_i2c.o
 .debug_line    0x0000e7b1      0xdcd ./Drivers/STM32F1xx_HAL_Driver/Src/stm32f1xx_hal_rcc.o
 .debug_line    0x0000f57e     0x1ce8 ./Drivers/STM32F1xx_HAL_Driver/Src/stm32f1xx_hal_spi.o
 .debug_line    0x00011266     0x28a3 ./Drivers/STM32F1xx_HAL_Driver/Src/stm32f1xx_hal_uart.o

.debug_str      0x00000000    0x8d92a
 .debug_str     0x00000000    0x8227e ./Core/Src/main.o
                              0x826c1 (size before relaxing)
 .debug_str     0x0008227e      0x585 ./Core/Src/nut_communication.o
                              0x828f0 (size before relaxing)
 .debug_str     0x00082803       0xfa ./Core/Src/stm32f1xx_hal_msp.o
                              0x824ad (size before relaxing)
 .debug_str     0x000828fd       0xc9 ./Core/Src/stm32f1xx_it.o
                              0x8197a (size before relaxing)
 .debug_str     0x000829c6       0x7e ./Core/Src/system_stm32f1xx.o
                              0x81888 (size before relaxing)
 .debug_str     0x00082a44       0x44 ./Core/Startup/startup_stm32f103c8tx.o
                                 0x81 (size before relaxing)
 .debug_str     0x00082a88     0x7900 ./Core/USER/library/aes.o
                               0xba30 (size before relaxing)
 .debug_str     0x0008a388      0x82d ./Core/USER/library/des.o
                               0xb549 (size before relaxing)
 .debug_str     0x0008abb5      0x1ca ./Core/USER/library/platform_util.o
                               0xa59e (size before relaxing)
 .debug_str     0x0008ad7f      0x220 ./Core/USER/user.o
                              0x86d3a (size before relaxing)
 .debug_str     0x0008af9f      0x5e5 ./Drivers/STM32F1xx_HAL_Driver/Src/stm32f1xx_hal.o
                              0x81fbb (size before relaxing)
 .debug_str     0x0008b584      0x584 ./Drivers/STM32F1xx_HAL_Driver/Src/stm32f1xx_hal_can.o
                              0x82090 (size before relaxing)
 .debug_str     0x0008bb08      0x293 ./Drivers/STM32F1xx_HAL_Driver/Src/stm32f1xx_hal_cortex.o
                              0x81f07 (size before relaxing)
 .debug_str     0x0008bd9b      0x2d0 ./Drivers/STM32F1xx_HAL_Driver/Src/stm32f1xx_hal_gpio.o
                              0x81c0e (size before relaxing)
 .debug_str     0x0008c06b      0xbd4 ./Drivers/STM32F1xx_HAL_Driver/Src/stm32f1xx_hal_i2c.o
                              0x8294f (size before relaxing)
 .debug_str     0x0008cc3f      0x209 ./Drivers/STM32F1xx_HAL_Driver/Src/stm32f1xx_hal_rcc.o
                              0x81cb7 (size before relaxing)
 .debug_str     0x0008ce48      0x4ed ./Drivers/STM32F1xx_HAL_Driver/Src/stm32f1xx_hal_spi.o
                              0x821ae (size before relaxing)
 .debug_str     0x0008d335      0x5f5 ./Drivers/STM32F1xx_HAL_Driver/Src/stm32f1xx_hal_uart.o
                              0x82328 (size before relaxing)

.comment        0x00000000       0x43
 .comment       0x00000000       0x43 ./Core/Src/main.o
                                 0x44 (size before relaxing)
 .comment       0x00000043       0x44 ./Core/Src/nut_communication.o
 .comment       0x00000043       0x44 ./Core/Src/stm32f1xx_hal_msp.o
 .comment       0x00000043       0x44 ./Core/Src/stm32f1xx_it.o
 .comment       0x00000043       0x44 ./Core/Src/system_stm32f1xx.o
 .comment       0x00000043       0x44 ./Core/USER/library/aes.o
 .comment       0x00000043       0x44 ./Core/USER/library/des.o
 .comment       0x00000043       0x44 ./Core/USER/library/platform_util.o
 .comment       0x00000043       0x44 ./Core/USER/user.o
 .comment       0x00000043       0x44 ./Drivers/STM32F1xx_HAL_Driver/Src/stm32f1xx_hal.o
 .comment       0x00000043       0x44 ./Drivers/STM32F1xx_HAL_Driver/Src/stm32f1xx_hal_can.o
 .comment       0x00000043       0x44 ./Drivers/STM32F1xx_HAL_Driver/Src/stm32f1xx_hal_cortex.o
 .comment       0x00000043       0x44 ./Drivers/STM32F1xx_HAL_Driver/Src/stm32f1xx_hal_gpio.o
 .comment       0x00000043       0x44 ./Drivers/STM32F1xx_HAL_Driver/Src/stm32f1xx_hal_i2c.o
 .comment       0x00000043       0x44 ./Drivers/STM32F1xx_HAL_Driver/Src/stm32f1xx_hal_rcc.o
 .comment       0x00000043       0x44 ./Drivers/STM32F1xx_HAL_Driver/Src/stm32f1xx_hal_spi.o
 .comment       0x00000043       0x44 ./Drivers/STM32F1xx_HAL_Driver/Src/stm32f1xx_hal_uart.o

.debug_frame    0x00000000     0x3f00
 .debug_frame   0x00000000      0x118 ./Core/Src/main.o
 .debug_frame   0x00000118      0x414 ./Core/Src/nut_communication.o
 .debug_frame   0x0000052c      0x158 ./Core/Src/stm32f1xx_hal_msp.o
 .debug_frame   0x00000684      0x104 ./Core/Src/stm32f1xx_it.o
 .debug_frame   0x00000788       0x58 ./Core/Src/system_stm32f1xx.o
 .debug_frame   0x000007e0      0x34c ./Core/USER/library/aes.o
 .debug_frame   0x00000b2c      0x31c ./Core/USER/library/des.o
 .debug_frame   0x00000e48       0x58 ./Core/USER/library/platform_util.o
 .debug_frame   0x00000ea0      0x1c8 ./Core/USER/user.o
 .debug_frame   0x00001068      0x334 ./Drivers/STM32F1xx_HAL_Driver/Src/stm32f1xx_hal.o
 .debug_frame   0x0000139c      0x5a0 ./Drivers/STM32F1xx_HAL_Driver/Src/stm32f1xx_hal_can.o
 .debug_frame   0x0000193c      0x428 ./Drivers/STM32F1xx_HAL_Driver/Src/stm32f1xx_hal_cortex.o
 .debug_frame   0x00001d64      0x14c ./Drivers/STM32F1xx_HAL_Driver/Src/stm32f1xx_hal_gpio.o
 .debug_frame   0x00001eb0      0xc84 ./Drivers/STM32F1xx_HAL_Driver/Src/stm32f1xx_hal_i2c.o
 .debug_frame   0x00002b34      0x218 ./Drivers/STM32F1xx_HAL_Driver/Src/stm32f1xx_hal_rcc.o
 .debug_frame   0x00002d4c      0x824 ./Drivers/STM32F1xx_HAL_Driver/Src/stm32f1xx_hal_spi.o
 .debug_frame   0x00003570      0x944 ./Drivers/STM32F1xx_HAL_Driver/Src/stm32f1xx_hal_uart.o
 .debug_frame   0x00003eb4       0x20 C:/ST/STM32CubeIDE_1.16.1/STM32CubeIDE/plugins/com.st.stm32cube.ide.mcu.externaltools.gnu-tools-for-stm32.12.3.rel1.win32_1.0.200.202406191623/tools/bin/../lib/gcc/arm-none-eabi/12.3.1/../../../../arm-none-eabi/lib/thumb/v7-m/nofp\libc_nano.a(libc_a-memset.o)
 .debug_frame   0x00003ed4       0x2c C:/ST/STM32CubeIDE_1.16.1/STM32CubeIDE/plugins/com.st.stm32cube.ide.mcu.externaltools.gnu-tools-for-stm32.12.3.rel1.win32_1.0.200.202406191623/tools/bin/../lib/gcc/arm-none-eabi/12.3.1/../../../../arm-none-eabi/lib/thumb/v7-m/nofp\libc_nano.a(libc_a-init.o)

.debug_line_str
                0x00000000       0x65
 .debug_line_str
                0x00000000       0x65 ./Core/Startup/startup_stm32f103c8tx.o
