D:/Tsinghua/Cracknuts/Nuts/STM32Code/nuts/USER/user.c:10:6:User_Init	8	static
D:/Tsinghua/Cracknuts/Nuts/STM32Code/nuts/USER/user.c:29:13:Echo	32	static
D:/Tsinghua/Cracknuts/Nuts/STM32Code/nuts/USER/user.c:41:13:AES_SetEncryptionKey	24	static
D:/Tsinghua/Cracknuts/Nuts/STM32Code/nuts/USER/user.c:49:13:AES_SetDecryptionKey	24	static
D:/Tsinghua/Cracknuts/Nuts/STM32Code/nuts/USER/user.c:57:13:AES_Encrypt	24	static
D:/Tsinghua/Cracknuts/Nuts/STM32Code/nuts/USER/user.c:73:13:AES_Decrypt	24	static
D:/Tsinghua/Cracknuts/Nuts/STM32Code/nuts/USER/user.c:89:13:DES_SetEncryptionKey	24	static
D:/Tsinghua/Cracknuts/Nuts/STM32Code/nuts/USER/user.c:97:13:DES_SetDecryptionKey	24	static
D:/Tsinghua/Cracknuts/Nuts/STM32Code/nuts/USER/user.c:105:13:DES_Encrypt	24	static
D:/Tsinghua/Cracknuts/Nuts/STM32Code/nuts/USER/user.c:116:13:SPA_UpdateData	1072	static
D:/Tsinghua/Cracknuts/Nuts/STM32Code/nuts/USER/user.c:168:13:SPA_ArithmeticCompute	24	static
D:/Tsinghua/Cracknuts/Nuts/STM32Code/nuts/USER/user.c:176:13:SPA_ConditionJump	24	static
